CMD: /Users/lucasmuller/Desktop/Githubg/Rawls_v3/.venv/bin/python /Users/lucasmuller/Desktop/Githubg/Rawls_v3/main.py /Users/lucasmuller/Desktop/Githubg/Rawls_v3/hypothesis_testing/hypothesis_2/configs/chinese/hypothesis_2_chinese_condition_5_config.yaml /Users/lucasmuller/Desktop/Githubg/Rawls_v3/hypothesis_testing/hypothesis_2/results/chinese/hypothesis_2_chinese_condition_5_config_results.json
[TECH] Loading configuration from: /Users/lucasmuller/Desktop/Githubg/Rawls_v3/hypothesis_testing/hypothesis_2/configs/chinese/hypothesis_2_chinese_condition_5_config.yaml
2025-10-13 17:22:50,602 - utils.seed_manager - INFO - Generated seed 413512399 from configuration hash
2025-10-13 17:22:50,602 - utils.language_manager - INFO - Language set to: English
[TECH] Language set to: English
‚ïê‚ïê‚ïê‚ïê‚ïê‚ïê‚ïê‚ïê‚ïê‚ïê‚ïê‚ïê‚ïê‚ïê‚ïê‚ïê‚ïê‚ïê‚ïê‚ïê‚ïê‚ïê‚ïê‚ïê‚ïê‚ïê‚ïê‚ïê‚ïê‚ïê‚ïê‚ïê‚ïê‚ïê‚ïê‚ïê‚ïê‚ïê‚ïê‚ïê‚ïê‚ïê‚ïê‚ïê‚ïê‚ïê‚ïê‚ïê‚ïê‚ïê‚ïê‚ïê‚ïê‚ïê‚ïê‚ïê‚ïê‚ïê‚ïê‚ïê
üß™ FROHLICH EXPERIMENT STARTING
‚ïê‚ïê‚ïê‚ïê‚ïê‚ïê‚ïê‚ïê‚ïê‚ïê‚ïê‚ïê‚ïê‚ïê‚ïê‚ïê‚ïê‚ïê‚ïê‚ïê‚ïê‚ïê‚ïê‚ïê‚ïê‚ïê‚ïê‚ïê‚ïê‚ïê‚ïê‚ïê‚ïê‚ïê‚ïê‚ïê‚ïê‚ïê‚ïê‚ïê‚ïê‚ïê‚ïê‚ïê‚ïê‚ïê‚ïê‚ïê‚ïê‚ïê‚ïê‚ïê‚ïê‚ïê‚ïê‚ïê‚ïê‚ïê‚ïê‚ïê
Experiment ID: e06ca417
Participants: 3
Language: English
Max Phase 2 rounds: 10
Configuration file: hypothesis_2_chinese_condition_5_config.yaml
Started at: 17:22:50

[DEBUG] ‚úÖ FORMAL VOTING: Using structured consensus building with confirmation and secret ballot
[DEBUG]    ‚Ä¢ Voting initiated via end-of-round prompts only
[DEBUG]    ‚Ä¢ Voting requires confirmation from all participants
[DEBUG]    ‚Ä¢ Consensus reached via unanimous secret ballot
[TECH] Tracing policy: participant-only spans; utility agents untraced
ü§ñ Initializing Agents...
2025-10-13 17:22:50,603 - experiment_agents.participant_agent - INFO - Creating 3 participant agents with dynamic temperature detection...
2025-10-13 17:22:50,603 - experiment_agents.participant_agent - INFO - Creating agent: Agent_1 (model: z-ai/glm-4.5-air, temp: 0.0)
2025-10-13 17:22:50,603 - experiment_agents.participant_agent - INFO - Creating agent Agent_1 with dynamic temperature detection
2025-10-13 17:22:50,628 - utils.language_manager - INFO - Loaded translations for English
2025-10-13 17:22:52,489 - httpx - INFO - HTTP Request: POST https://openrouter.ai/api/v1/chat/completions "HTTP/1.1 200 OK"
2025-10-13 17:22:53,091 - utils.dynamic_model_capabilities - INFO - ‚úÖ z-ai/glm-4.5-air supports temperature (discovered during creation)
2025-10-13 17:22:53,091 - experiment_agents.participant_agent - INFO - ‚úÖ Agent_1: Temperature 0.0 active (method: successful_creation)
2025-10-13 17:22:53,091 - experiment_agents.participant_agent - INFO - ‚úÖ Successfully initialized agent Agent_1
2025-10-13 17:22:53,091 - experiment_agents.participant_agent - INFO - Creating agent: Agent_2 (model: qwen/qwen3-next-80b-a3b-thinking, temp: 0.0)
2025-10-13 17:22:53,091 - experiment_agents.participant_agent - INFO - Creating agent Agent_2 with dynamic temperature detection
2025-10-13 17:22:53,842 - httpx - INFO - HTTP Request: POST https://openrouter.ai/api/v1/chat/completions "HTTP/1.1 200 OK"
2025-10-13 17:22:54,280 - utils.dynamic_model_capabilities - INFO - ‚úÖ qwen/qwen3-next-80b-a3b-thinking supports temperature (discovered during creation)
2025-10-13 17:22:54,280 - experiment_agents.participant_agent - INFO - ‚úÖ Agent_2: Temperature 0.0 active (method: successful_creation)
2025-10-13 17:22:54,280 - experiment_agents.participant_agent - INFO - ‚úÖ Successfully initialized agent Agent_2
2025-10-13 17:22:54,280 - experiment_agents.participant_agent - INFO - Creating agent: Agent_3 (model: deepseek/deepseek-v3.2-exp, temp: 0.0)
2025-10-13 17:22:54,280 - experiment_agents.participant_agent - INFO - Creating agent Agent_3 with dynamic temperature detection
2025-10-13 17:22:55,281 - httpx - INFO - HTTP Request: POST https://openrouter.ai/api/v1/chat/completions "HTTP/1.1 200 OK"
2025-10-13 17:22:55,450 - utils.dynamic_model_capabilities - INFO - ‚úÖ deepseek/deepseek-v3.2-exp supports temperature (discovered during creation)
2025-10-13 17:22:55,450 - experiment_agents.participant_agent - INFO - ‚úÖ Agent_3: Temperature 0.0 active (method: successful_creation)
2025-10-13 17:22:55,450 - experiment_agents.participant_agent - INFO - ‚úÖ Successfully initialized agent Agent_3
2025-10-13 17:22:55,450 - experiment_agents.participant_agent - INFO - ‚úÖ Successfully created 3 participant agents
2025-10-13 17:22:55,450 - experiment_agents.utility_agent - INFO - Creating utility agents with model: gemini-2.0-flash-lite (tracing disabled)
2025-10-13 17:22:55,470 - utils.gemini_client - INFO - Successfully initialized Gemini client with OpenAI-compatible endpoint
2025-10-13 17:22:56,004 - httpx - INFO - HTTP Request: POST https://generativelanguage.googleapis.com/v1beta/openai/chat/completions "HTTP/1.1 200 OK"
2025-10-13 17:22:56,005 - utils.dynamic_model_capabilities - INFO - ‚úÖ gemini-2.0-flash-lite supports temperature (discovered during creation)
2025-10-13 17:22:56,467 - httpx - INFO - HTTP Request: POST https://generativelanguage.googleapis.com/v1beta/openai/chat/completions "HTTP/1.1 200 OK"
2025-10-13 17:22:56,468 - experiment_agents.utility_agent - INFO - ‚úÖ Utility agents initialized successfully
2025-10-13 17:22:56,469 - core.experiment_manager - INFO - ‚úÖ Experiment manager initialized with 3 participants
  ‚úÖ Agent_1 (glm-4.5-air) [0.0s]
  ‚úÖ Agent_2 (qwen3-next-80b-a3b-thinking) [0.0s]
  ‚úÖ Agent_3 (deepseek-v3.2-exp) [0.0s]

‚ú® All agents ready in 5.9s

2025-10-13 17:22:56,469 - utils.seed_manager - INFO - Generated seed 413512399 from configuration hash
2025-10-13 17:22:56,469 - utils.seed_manager - INFO - Experiment random seed set to: 413512399
[TECH] Experiment seed: 413512399 (generated)
[TECH] Tracing experiment: Frohlich Experiment - e06ca417-38fd-41df-b68a-8e9110f6ac85
[TECH] Trace ID: trace_69376fc15a3447f1a68da28464556274
üìñ PHASE 1: Individual Familiarization
‚îÅ‚îÅ‚îÅ‚îÅ‚îÅ‚îÅ‚îÅ‚îÅ‚îÅ‚îÅ‚îÅ‚îÅ‚îÅ‚îÅ‚îÅ‚îÅ‚îÅ‚îÅ‚îÅ‚îÅ‚îÅ‚îÅ‚îÅ‚îÅ‚îÅ‚îÅ‚îÅ‚îÅ‚îÅ‚îÅ‚îÅ‚îÅ‚îÅ‚îÅ‚îÅ‚îÅ‚îÅ‚îÅ‚îÅ‚îÅ‚îÅ‚îÅ‚îÅ‚îÅ‚îÅ‚îÅ‚îÅ‚îÅ‚îÅ‚îÅ
Running parallel familiarization for 3 participants...

[TECH] Phase 1 executing with language: English
  Agent_1: Initial ranking [‚ñà‚ñà‚ñë‚ñë‚ñë‚ñë‚ñë‚ñë‚ñë‚ñë‚ñë‚ñë‚ñë‚ñë‚ñë‚ñë‚ñë‚ñë‚ñë‚ñë] 10.0%
  Agent_2: Initial ranking [‚ñà‚ñà‚ñë‚ñë‚ñë‚ñë‚ñë‚ñë‚ñë‚ñë‚ñë‚ñë‚ñë‚ñë‚ñë‚ñë‚ñë‚ñë‚ñë‚ñë] 10.0%
  Agent_3: Initial ranking [‚ñà‚ñà‚ñë‚ñë‚ñë‚ñë‚ñë‚ñë‚ñë‚ñë‚ñë‚ñë‚ñë‚ñë‚ñë‚ñë‚ñë‚ñë‚ñë‚ñë] 10.0%
2025-10-13 17:22:57,398 - httpx - INFO - HTTP Request: POST https://openrouter.ai/api/v1/chat/completions "HTTP/1.1 200 OK"
2025-10-13 17:22:57,454 - httpx - INFO - HTTP Request: POST https://openrouter.ai/api/v1/chat/completions "HTTP/1.1 200 OK"
2025-10-13 17:22:57,583 - httpx - INFO - HTTP Request: POST https://openrouter.ai/api/v1/chat/completions "HTTP/1.1 200 OK"
2025-10-13 17:22:59,378 - httpx - INFO - HTTP Request: POST https://generativelanguage.googleapis.com/v1beta/openai/chat/completions "HTTP/1.1 200 OK"
2025-10-13 17:23:00,819 - httpx - INFO - HTTP Request: POST https://openrouter.ai/api/v1/chat/completions "HTTP/1.1 200 OK"
2025-10-13 17:23:01,922 - httpx - INFO - HTTP Request: POST https://api.openai.com/v1/traces/ingest "HTTP/1.1 204 No Content"
  Agent_3: Learning principles [‚ñà‚ñà‚ñà‚ñà‚ñà‚ñë‚ñë‚ñë‚ñë‚ñë‚ñë‚ñë‚ñë‚ñë‚ñë‚ñë‚ñë‚ñë‚ñë‚ñë] 25.0%
2025-10-13 17:23:08,464 - httpx - INFO - HTTP Request: POST https://generativelanguage.googleapis.com/v1beta/openai/chat/completions "HTTP/1.1 200 OK"
2025-10-13 17:23:09,077 - httpx - INFO - HTTP Request: POST https://openrouter.ai/api/v1/chat/completions "HTTP/1.1 200 OK"
2025-10-13 17:23:09,314 - httpx - INFO - HTTP Request: POST https://openrouter.ai/api/v1/chat/completions "HTTP/1.1 200 OK"
2025-10-13 17:23:12,508 - httpx - INFO - HTTP Request: POST https://api.openai.com/v1/traces/ingest "HTTP/1.1 204 No Content"
2025-10-13 17:23:17,882 - httpx - INFO - HTTP Request: POST https://openrouter.ai/api/v1/chat/completions "HTTP/1.1 200 OK"
2025-10-13 17:23:17,969 - httpx - INFO - HTTP Request: POST https://api.openai.com/v1/traces/ingest "HTTP/1.1 204 No Content"
  Agent_1: Learning principles [‚ñà‚ñà‚ñà‚ñà‚ñà‚ñë‚ñë‚ñë‚ñë‚ñë‚ñë‚ñë‚ñë‚ñë‚ñë‚ñë‚ñë‚ñë‚ñë‚ñë] 25.0%
2025-10-13 17:23:20,107 - httpx - INFO - HTTP Request: POST https://generativelanguage.googleapis.com/v1beta/openai/chat/completions "HTTP/1.1 200 OK"
2025-10-13 17:23:20,385 - httpx - INFO - HTTP Request: POST https://openrouter.ai/api/v1/chat/completions "HTTP/1.1 200 OK"
2025-10-13 17:23:20,837 - httpx - INFO - HTTP Request: POST https://openrouter.ai/api/v1/chat/completions "HTTP/1.1 200 OK"
2025-10-13 17:23:23,534 - httpx - INFO - HTTP Request: POST https://api.openai.com/v1/traces/ingest "HTTP/1.1 204 No Content"
  Agent_2: Learning principles [‚ñà‚ñà‚ñà‚ñà‚ñà‚ñë‚ñë‚ñë‚ñë‚ñë‚ñë‚ñë‚ñë‚ñë‚ñë‚ñë‚ñë‚ñë‚ñë‚ñë] 25.0%
2025-10-13 17:23:25,193 - httpx - INFO - HTTP Request: POST https://openrouter.ai/api/v1/chat/completions "HTTP/1.1 200 OK"
2025-10-13 17:23:29,100 - httpx - INFO - HTTP Request: POST https://api.openai.com/v1/traces/ingest "HTTP/1.1 204 No Content"
  Agent_3: Post-explanation ranking [‚ñà‚ñà‚ñà‚ñà‚ñà‚ñà‚ñà‚ñà‚ñë‚ñë‚ñë‚ñë‚ñë‚ñë‚ñë‚ñë‚ñë‚ñë‚ñë‚ñë] 40.0%
2025-10-13 17:23:31,635 - httpx - INFO - HTTP Request: POST https://openrouter.ai/api/v1/chat/completions "HTTP/1.1 200 OK"
2025-10-13 17:23:34,605 - httpx - INFO - HTTP Request: POST https://api.openai.com/v1/traces/ingest "HTTP/1.1 204 No Content"
2025-10-13 17:23:35,183 - httpx - INFO - HTTP Request: POST https://generativelanguage.googleapis.com/v1beta/openai/chat/completions "HTTP/1.1 200 OK"
2025-10-13 17:23:36,303 - httpx - INFO - HTTP Request: POST https://openrouter.ai/api/v1/chat/completions "HTTP/1.1 200 OK"
2025-10-13 17:23:46,669 - httpx - INFO - HTTP Request: POST https://openrouter.ai/api/v1/chat/completions "HTTP/1.1 200 OK"
2025-10-13 17:23:50,325 - httpx - INFO - HTTP Request: POST https://api.openai.com/v1/traces/ingest "HTTP/1.1 204 No Content"
  Agent_3: Application round 1 [‚ñà‚ñà‚ñà‚ñà‚ñà‚ñà‚ñà‚ñà‚ñà‚ñà‚ñë‚ñë‚ñë‚ñë‚ñë‚ñë‚ñë‚ñë‚ñë‚ñë] 50.0%
2025-10-13 17:23:52,985 - httpx - INFO - HTTP Request: POST https://openrouter.ai/api/v1/chat/completions "HTTP/1.1 200 OK"
2025-10-13 17:23:54,872 - httpx - INFO - HTTP Request: POST https://generativelanguage.googleapis.com/v1beta/openai/chat/completions "HTTP/1.1 200 OK"
2025-10-13 17:23:55,794 - httpx - INFO - HTTP Request: POST https://openrouter.ai/api/v1/chat/completions "HTTP/1.1 200 OK"
2025-10-13 17:23:55,905 - httpx - INFO - HTTP Request: POST https://api.openai.com/v1/traces/ingest "HTTP/1.1 204 No Content"
2025-10-13 17:24:00,451 - httpx - INFO - HTTP Request: POST https://openrouter.ai/api/v1/chat/completions "HTTP/1.1 200 OK"
2025-10-13 17:24:01,472 - httpx - INFO - HTTP Request: POST https://api.openai.com/v1/traces/ingest "HTTP/1.1 204 No Content"
  Agent_2: Post-explanation ranking [‚ñà‚ñà‚ñà‚ñà‚ñà‚ñà‚ñà‚ñà‚ñë‚ñë‚ñë‚ñë‚ñë‚ñë‚ñë‚ñë‚ñë‚ñë‚ñë‚ñë] 40.0%
2025-10-13 17:24:03,742 - httpx - INFO - HTTP Request: POST https://openrouter.ai/api/v1/chat/completions "HTTP/1.1 200 OK"
2025-10-13 17:24:06,969 - httpx - INFO - HTTP Request: POST https://api.openai.com/v1/traces/ingest "HTTP/1.1 204 No Content"
  Agent_1: Post-explanation ranking [‚ñà‚ñà‚ñà‚ñà‚ñà‚ñà‚ñà‚ñà‚ñë‚ñë‚ñë‚ñë‚ñë‚ñë‚ñë‚ñë‚ñë‚ñë‚ñë‚ñë] 40.0%
2025-10-13 17:24:13,293 - httpx - INFO - HTTP Request: POST https://openrouter.ai/api/v1/chat/completions "HTTP/1.1 200 OK"
  Agent_3: Application round 2 [‚ñà‚ñà‚ñà‚ñà‚ñà‚ñà‚ñà‚ñà‚ñà‚ñà‚ñà‚ñà‚ñë‚ñë‚ñë‚ñë‚ñë‚ñë‚ñë‚ñë] 60.0%
2025-10-13 17:24:15,091 - httpx - INFO - HTTP Request: POST https://openrouter.ai/api/v1/chat/completions "HTTP/1.1 200 OK"
2025-10-13 17:24:16,351 - httpx - INFO - HTTP Request: POST https://generativelanguage.googleapis.com/v1beta/openai/chat/completions "HTTP/1.1 200 OK"
2025-10-13 17:24:17,414 - httpx - INFO - HTTP Request: POST https://openrouter.ai/api/v1/chat/completions "HTTP/1.1 200 OK"
2025-10-13 17:24:17,641 - httpx - INFO - HTTP Request: POST https://api.openai.com/v1/traces/ingest "HTTP/1.1 204 No Content"
2025-10-13 17:24:25,204 - httpx - INFO - HTTP Request: POST https://generativelanguage.googleapis.com/v1beta/openai/chat/completions "HTTP/1.1 200 OK"
2025-10-13 17:24:26,067 - httpx - INFO - HTTP Request: POST https://openrouter.ai/api/v1/chat/completions "HTTP/1.1 200 OK"
2025-10-13 17:24:28,372 - httpx - INFO - HTTP Request: POST https://api.openai.com/v1/traces/ingest "HTTP/1.1 204 No Content"
2025-10-13 17:24:34,609 - httpx - INFO - HTTP Request: POST https://generativelanguage.googleapis.com/v1beta/openai/chat/completions "HTTP/1.1 200 OK"
  Agent_3: Application round 3 [‚ñà‚ñà‚ñà‚ñà‚ñà‚ñà‚ñà‚ñà‚ñà‚ñà‚ñà‚ñà‚ñà‚ñà‚ñë‚ñë‚ñë‚ñë‚ñë‚ñë] 70.0%
2025-10-13 17:24:35,392 - httpx - INFO - HTTP Request: POST https://openrouter.ai/api/v1/chat/completions "HTTP/1.1 200 OK"
2025-10-13 17:24:36,254 - httpx - INFO - HTTP Request: POST https://openrouter.ai/api/v1/chat/completions "HTTP/1.1 200 OK"
2025-10-13 17:24:37,244 - httpx - INFO - HTTP Request: POST https://generativelanguage.googleapis.com/v1beta/openai/chat/completions "HTTP/1.1 200 OK"
  Agent_1: Application round 1 [‚ñà‚ñà‚ñà‚ñà‚ñà‚ñà‚ñà‚ñà‚ñà‚ñà‚ñë‚ñë‚ñë‚ñë‚ñë‚ñë‚ñë‚ñë‚ñë‚ñë] 50.0%
2025-10-13 17:24:38,175 - httpx - INFO - HTTP Request: POST https://openrouter.ai/api/v1/chat/completions "HTTP/1.1 200 OK"
2025-10-13 17:24:39,097 - httpx - INFO - HTTP Request: POST https://openrouter.ai/api/v1/chat/completions "HTTP/1.1 200 OK"
2025-10-13 17:24:39,116 - httpx - INFO - HTTP Request: POST https://api.openai.com/v1/traces/ingest "HTTP/1.1 204 No Content"
  Agent_2: Application round 1 [‚ñà‚ñà‚ñà‚ñà‚ñà‚ñà‚ñà‚ñà‚ñà‚ñà‚ñë‚ñë‚ñë‚ñë‚ñë‚ñë‚ñë‚ñë‚ñë‚ñë] 50.0%
2025-10-13 17:24:55,816 - httpx - INFO - HTTP Request: POST https://openrouter.ai/api/v1/chat/completions "HTTP/1.1 200 OK"
2025-10-13 17:24:59,923 - httpx - INFO - HTTP Request: POST https://api.openai.com/v1/traces/ingest "HTTP/1.1 204 No Content"
  Agent_3: Application round 4 [‚ñà‚ñà‚ñà‚ñà‚ñà‚ñà‚ñà‚ñà‚ñà‚ñà‚ñà‚ñà‚ñà‚ñà‚ñà‚ñà‚ñë‚ñë‚ñë‚ñë] 80.0%
2025-10-13 17:25:02,632 - httpx - INFO - HTTP Request: POST https://openrouter.ai/api/v1/chat/completions "HTTP/1.1 200 OK"
2025-10-13 17:25:05,472 - httpx - INFO - HTTP Request: POST https://api.openai.com/v1/traces/ingest "HTTP/1.1 204 No Content"
2025-10-13 17:25:09,231 - httpx - INFO - HTTP Request: POST https://generativelanguage.googleapis.com/v1beta/openai/chat/completions "HTTP/1.1 200 OK"
2025-10-13 17:25:10,315 - httpx - INFO - HTTP Request: POST https://openrouter.ai/api/v1/chat/completions "HTTP/1.1 200 OK"
2025-10-13 17:25:11,512 - httpx - INFO - HTTP Request: POST https://generativelanguage.googleapis.com/v1beta/openai/chat/completions "HTTP/1.1 503 Service Unavailable"
2025-10-13 17:25:11,513 - openai._base_client - INFO - Retrying request to /chat/completions in 0.390061 seconds
2025-10-13 17:25:12,230 - httpx - INFO - HTTP Request: POST https://generativelanguage.googleapis.com/v1beta/openai/chat/completions "HTTP/1.1 503 Service Unavailable"
2025-10-13 17:25:12,230 - openai._base_client - INFO - Retrying request to /chat/completions in 0.760707 seconds
2025-10-13 17:25:13,546 - httpx - INFO - HTTP Request: POST https://generativelanguage.googleapis.com/v1beta/openai/chat/completions "HTTP/1.1 200 OK"
2025-10-13 17:25:14,755 - httpx - INFO - HTTP Request: POST https://openrouter.ai/api/v1/chat/completions "HTTP/1.1 200 OK"
2025-10-13 17:25:16,047 - httpx - INFO - HTTP Request: POST https://api.openai.com/v1/traces/ingest "HTTP/1.1 204 No Content"
2025-10-13 17:25:35,742 - httpx - INFO - HTTP Request: POST https://generativelanguage.googleapis.com/v1beta/openai/chat/completions "HTTP/1.1 200 OK"
2025-10-13 17:25:36,466 - httpx - INFO - HTTP Request: POST https://openrouter.ai/api/v1/chat/completions "HTTP/1.1 200 OK"
2025-10-13 17:25:36,907 - httpx - INFO - HTTP Request: POST https://api.openai.com/v1/traces/ingest "HTTP/1.1 204 No Content"
  Agent_3: Final ranking [‚ñà‚ñà‚ñà‚ñà‚ñà‚ñà‚ñà‚ñà‚ñà‚ñà‚ñà‚ñà‚ñà‚ñà‚ñà‚ñà‚ñà‚ñà‚ñë‚ñë] 90.0%
2025-10-13 17:25:47,580 - httpx - INFO - HTTP Request: POST https://api.openai.com/v1/traces/ingest "HTTP/1.1 204 No Content"
2025-10-13 17:25:48,298 - httpx - INFO - HTTP Request: POST https://openrouter.ai/api/v1/chat/completions "HTTP/1.1 200 OK"
  Agent_1: Application round 2 [‚ñà‚ñà‚ñà‚ñà‚ñà‚ñà‚ñà‚ñà‚ñà‚ñà‚ñà‚ñà‚ñë‚ñë‚ñë‚ñë‚ñë‚ñë‚ñë‚ñë] 60.0%
2025-10-13 17:25:52,565 - httpx - INFO - HTTP Request: POST https://openrouter.ai/api/v1/chat/completions "HTTP/1.1 200 OK"
2025-10-13 17:25:53,172 - httpx - INFO - HTTP Request: POST https://api.openai.com/v1/traces/ingest "HTTP/1.1 204 No Content"
2025-10-13 17:25:59,950 - httpx - INFO - HTTP Request: POST https://generativelanguage.googleapis.com/v1beta/openai/chat/completions "HTTP/1.1 200 OK"
2025-10-13 17:26:00,864 - httpx - INFO - HTTP Request: POST https://openrouter.ai/api/v1/chat/completions "HTTP/1.1 200 OK"
  Agent_2: Application round 2 [‚ñà‚ñà‚ñà‚ñà‚ñà‚ñà‚ñà‚ñà‚ñà‚ñà‚ñà‚ñà‚ñë‚ñë‚ñë‚ñë‚ñë‚ñë‚ñë‚ñë] 60.0%
2025-10-13 17:26:08,891 - httpx - INFO - HTTP Request: POST https://openrouter.ai/api/v1/chat/completions "HTTP/1.1 200 OK"
2025-10-13 17:26:09,063 - httpx - INFO - HTTP Request: POST https://api.openai.com/v1/traces/ingest "HTTP/1.1 204 No Content"
  Agent_3: Completed [‚ñà‚ñà‚ñà‚ñà‚ñà‚ñà‚ñà‚ñà‚ñà‚ñà‚ñà‚ñà‚ñà‚ñà‚ñà‚ñà‚ñà‚ñà‚ñà‚ñà] 100.0%
2025-10-13 17:26:35,056 - httpx - INFO - HTTP Request: POST https://api.openai.com/v1/traces/ingest "HTTP/1.1 204 No Content"
2025-10-13 17:26:41,312 - httpx - INFO - HTTP Request: POST https://generativelanguage.googleapis.com/v1beta/openai/chat/completions "HTTP/1.1 200 OK"
2025-10-13 17:26:42,017 - httpx - INFO - HTTP Request: POST https://openrouter.ai/api/v1/chat/completions "HTTP/1.1 200 OK"
2025-10-13 17:27:09,143 - httpx - INFO - HTTP Request: POST https://generativelanguage.googleapis.com/v1beta/openai/chat/completions "HTTP/1.1 200 OK"
  Agent_2: Application round 3 [‚ñà‚ñà‚ñà‚ñà‚ñà‚ñà‚ñà‚ñà‚ñà‚ñà‚ñà‚ñà‚ñà‚ñà‚ñë‚ñë‚ñë‚ñë‚ñë‚ñë] 70.0%
2025-10-13 17:27:09,922 - httpx - INFO - HTTP Request: POST https://openrouter.ai/api/v1/chat/completions "HTTP/1.1 200 OK"
2025-10-13 17:27:10,440 - httpx - INFO - HTTP Request: POST https://openrouter.ai/api/v1/chat/completions "HTTP/1.1 200 OK"
2025-10-13 17:27:11,285 - httpx - INFO - HTTP Request: POST https://api.openai.com/v1/traces/ingest "HTTP/1.1 204 No Content"
2025-10-13 17:27:33,912 - httpx - INFO - HTTP Request: POST https://generativelanguage.googleapis.com/v1beta/openai/chat/completions "HTTP/1.1 200 OK"
2025-10-13 17:27:34,766 - httpx - INFO - HTTP Request: POST https://openrouter.ai/api/v1/chat/completions "HTTP/1.1 200 OK"
2025-10-13 17:27:37,563 - httpx - INFO - HTTP Request: POST https://api.openai.com/v1/traces/ingest "HTTP/1.1 204 No Content"
  Agent_1: Application round 3 [‚ñà‚ñà‚ñà‚ñà‚ñà‚ñà‚ñà‚ñà‚ñà‚ñà‚ñà‚ñà‚ñà‚ñà‚ñë‚ñë‚ñë‚ñë‚ñë‚ñë] 70.0%
2025-10-13 17:27:49,259 - httpx - INFO - HTTP Request: POST https://openrouter.ai/api/v1/chat/completions "HTTP/1.1 200 OK"
2025-10-13 17:27:53,290 - httpx - INFO - HTTP Request: POST https://api.openai.com/v1/traces/ingest "HTTP/1.1 204 No Content"
  Agent_2: Application round 4 [‚ñà‚ñà‚ñà‚ñà‚ñà‚ñà‚ñà‚ñà‚ñà‚ñà‚ñà‚ñà‚ñà‚ñà‚ñà‚ñà‚ñë‚ñë‚ñë‚ñë] 80.0%
2025-10-13 17:28:19,252 - httpx - INFO - HTTP Request: POST https://api.openai.com/v1/traces/ingest "HTTP/1.1 204 No Content"
2025-10-13 17:28:19,304 - httpx - INFO - HTTP Request: POST https://openrouter.ai/api/v1/chat/completions "HTTP/1.1 200 OK"
2025-10-13 17:28:49,065 - httpx - INFO - HTTP Request: POST https://generativelanguage.googleapis.com/v1beta/openai/chat/completions "HTTP/1.1 200 OK"
2025-10-13 17:28:49,700 - httpx - INFO - HTTP Request: POST https://openrouter.ai/api/v1/chat/completions "HTTP/1.1 200 OK"
2025-10-13 17:28:50,267 - httpx - INFO - HTTP Request: POST https://api.openai.com/v1/traces/ingest "HTTP/1.1 204 No Content"
  Agent_2: Final ranking [‚ñà‚ñà‚ñà‚ñà‚ñà‚ñà‚ñà‚ñà‚ñà‚ñà‚ñà‚ñà‚ñà‚ñà‚ñà‚ñà‚ñà‚ñà‚ñë‚ñë] 90.0%
2025-10-13 17:29:24,140 - httpx - INFO - HTTP Request: POST https://openrouter.ai/api/v1/chat/completions "HTTP/1.1 200 OK"
2025-10-13 17:29:26,500 - httpx - INFO - HTTP Request: POST https://api.openai.com/v1/traces/ingest "HTTP/1.1 204 No Content"
‚ùå Experiment failed: Phase 1 execution failed: Expecting value: line 499 column 1 (char 2739)
Traceback (most recent call last):
  File "/Users/lucasmuller/Desktop/Githubg/Rawls_v3/core/experiment_manager.py", line 243, in run_complete_experiment
    phase1_results = await self.phase1_manager.run_phase1(self.config, self.agent_logger, process_logger)
                     ^^^^^^^^^^^^^^^^^^^^^^^^^^^^^^^^^^^^^^^^^^^^^^^^^^^^^^^^^^^^^^^^^^^^^^^^^^^^^^^^^^^^
  File "/Users/lucasmuller/Desktop/Githubg/Rawls_v3/core/phase1_manager.py", line 87, in run_phase1
    return await asyncio.gather(*tasks)
           ^^^^^^^^^^^^^^^^^^^^^^^^^^^^
  File "/Users/lucasmuller/Desktop/Githubg/Rawls_v3/core/phase1_manager.py", line 524, in _run_single_participant_phase1
    result, round_content = await self._step_1_3_principle_application(
                            ^^^^^^^^^^^^^^^^^^^^^^^^^^^^^^^^^^^^^^^^^^^
  File "/Users/lucasmuller/Desktop/Githubg/Rawls_v3/core/phase1_manager.py", line 687, in _step_1_3_principle_application
    result = await self._invoke_phase1_interaction(
             ^^^^^^^^^^^^^^^^^^^^^^^^^^^^^^^^^^^^^^
  File "/Users/lucasmuller/Desktop/Githubg/Rawls_v3/core/phase1_manager.py", line 195, in _invoke_phase1_interaction
    return await run_with_transcript_logging(
           ^^^^^^^^^^^^^^^^^^^^^^^^^^^^^^^^^^
  File "/Users/lucasmuller/Desktop/Githubg/Rawls_v3/utils/logging/transcript_logger.py", line 160, in run_with_transcript_logging
    result = await Runner.run(participant.agent, prompt, context=context)
             ^^^^^^^^^^^^^^^^^^^^^^^^^^^^^^^^^^^^^^^^^^^^^^^^^^^^^^^^^^^^
  File "/Users/lucasmuller/Desktop/Githubg/Rawls_v3/.venv/lib/python3.11/site-packages/agents/run.py", line 206, in run
    return await runner.run(
           ^^^^^^^^^^^^^^^^^
  File "/Users/lucasmuller/Desktop/Githubg/Rawls_v3/.venv/lib/python3.11/site-packages/agents/run.py", line 412, in run
    input_guardrail_results, turn_result = await asyncio.gather(
                                           ^^^^^^^^^^^^^^^^^^^^^
  File "/Users/lucasmuller/Desktop/Githubg/Rawls_v3/.venv/lib/python3.11/site-packages/agents/run.py", line 960, in _run_single_turn
    new_response = await cls._get_new_response(
                   ^^^^^^^^^^^^^^^^^^^^^^^^^^^^
  File "/Users/lucasmuller/Desktop/Githubg/Rawls_v3/.venv/lib/python3.11/site-packages/agents/run.py", line 1121, in _get_new_response
    new_response = await model.get_response(
                   ^^^^^^^^^^^^^^^^^^^^^^^^^
  File "/Users/lucasmuller/Desktop/Githubg/Rawls_v3/.venv/lib/python3.11/site-packages/agents/models/openai_chatcompletions.py", line 65, in get_response
    response = await self._fetch_response(
               ^^^^^^^^^^^^^^^^^^^^^^^^^^^
  File "/Users/lucasmuller/Desktop/Githubg/Rawls_v3/.venv/lib/python3.11/site-packages/agents/models/openai_chatcompletions.py", line 273, in _fetch_response
    ret = await self._get_client().chat.completions.create(
          ^^^^^^^^^^^^^^^^^^^^^^^^^^^^^^^^^^^^^^^^^^^^^^^^^
  File "/Users/lucasmuller/Desktop/Githubg/Rawls_v3/.venv/lib/python3.11/site-packages/openai/resources/chat/completions/completions.py", line 2454, in create
    return await self._post(
           ^^^^^^^^^^^^^^^^^
  File "/Users/lucasmuller/Desktop/Githubg/Rawls_v3/.venv/lib/python3.11/site-packages/openai/_base_client.py", line 1791, in post
    return await self.request(cast_to, opts, stream=stream, stream_cls=stream_cls)
           ^^^^^^^^^^^^^^^^^^^^^^^^^^^^^^^^^^^^^^^^^^^^^^^^^^^^^^^^^^^^^^^^^^^^^^^
  File "/Users/lucasmuller/Desktop/Githubg/Rawls_v3/.venv/lib/python3.11/site-packages/openai/_base_client.py", line 1596, in request
    return await self._process_response(
           ^^^^^^^^^^^^^^^^^^^^^^^^^^^^^
  File "/Users/lucasmuller/Desktop/Githubg/Rawls_v3/.venv/lib/python3.11/site-packages/openai/_base_client.py", line 1685, in _process_response
    return await api_response.parse()
           ^^^^^^^^^^^^^^^^^^^^^^^^^^
  File "/Users/lucasmuller/Desktop/Githubg/Rawls_v3/.venv/lib/python3.11/site-packages/openai/_response.py", line 430, in parse
    parsed = self._parse(to=to)
             ^^^^^^^^^^^^^^^^^^
  File "/Users/lucasmuller/Desktop/Githubg/Rawls_v3/.venv/lib/python3.11/site-packages/openai/_response.py", line 265, in _parse
    data = response.json()
           ^^^^^^^^^^^^^^^
  File "/Users/lucasmuller/Desktop/Githubg/Rawls_v3/.venv/lib/python3.11/site-packages/httpx/_models.py", line 832, in json
    return jsonlib.loads(self.content, **kwargs)
           ^^^^^^^^^^^^^^^^^^^^^^^^^^^^^^^^^^^^^
  File "/Library/Frameworks/Python.framework/Versions/3.11/lib/python3.11/json/__init__.py", line 346, in loads
    return _default_decoder.decode(s)
           ^^^^^^^^^^^^^^^^^^^^^^^^^^
  File "/Library/Frameworks/Python.framework/Versions/3.11/lib/python3.11/json/decoder.py", line 337, in decode
    obj, end = self.raw_decode(s, idx=_w(s, 0).end())
               ^^^^^^^^^^^^^^^^^^^^^^^^^^^^^^^^^^^^^^
  File "/Library/Frameworks/Python.framework/Versions/3.11/lib/python3.11/json/decoder.py", line 355, in raw_decode
    raise JSONDecodeError("Expecting value", s, err.value) from None
json.decoder.JSONDecodeError: Expecting value: line 499 column 1 (char 2739)

During handling of the above exception, another exception occurred:

Traceback (most recent call last):
  File "/Users/lucasmuller/Desktop/Githubg/Rawls_v3/main.py", line 136, in main
    results = await experiment_manager.run_complete_experiment(process_logger)
              ^^^^^^^^^^^^^^^^^^^^^^^^^^^^^^^^^^^^^^^^^^^^^^^^^^^^^^^^^^^^^^^^
  File "/Users/lucasmuller/Desktop/Githubg/Rawls_v3/utils/error_handling.py", line 402, in async_wrapper
    return await func(*args, **kwargs)
           ^^^^^^^^^^^^^^^^^^^^^^^^^^^
  File "/Users/lucasmuller/Desktop/Githubg/Rawls_v3/core/experiment_manager.py", line 245, in run_complete_experiment
    raise ExperimentLogicError(
utils.error_handling.ExperimentLogicError: Phase 1 execution failed: Expecting value: line 499 column 1 (char 2739)
2025-10-13 17:29:33,510 - httpx - INFO - HTTP Request: POST https://api.openai.com/v1/traces/ingest "HTTP/1.1 204 No Content"

RETURN CODE: 1  DURATION: 404.0s
